Word: పాలు
Orthographic Neighbors (5):
పిలు
పీలు
పేలు
పోలు
పౌలు

Phonological Neighbors (28):
కాలు
గాలు
చాలు
జాలు
డాలు
ణాలు
దాలు
నాలు
బాలు
మాలు
యాలు
రాలు
వాలు
షాలు
సాలు
హాలు
పాకు
పాచు
పాటు
పాడు
పాతు
పాదు
పాపు
పాము
పాయు
పారు
పావు
పాసు

______________________________

Word: పెద్ద
Orthographic Neighbors (1):
పేద్ద

Phonological Neighbors (2):
ఫెద్ద
పెధ్ద

______________________________

Word: కొంచెం
Orthographic Neighbors (3):
కించెం
కోంచెం
కొంచేం

Phonological Neighbors (1):
కొండెం

______________________________

Word: ముద్దు
Orthographic Neighbors (0):


Phonological Neighbors (4):
గుద్దు
దుద్దు
రుద్దు
మున్దు

______________________________

